V3 3
FL "F:/cdac padai materials/akul/logic with select/xnor_select/xnor1.vhd" 2011/09/04.22:00:03 J.30
EN work/xnor1 1315153926 \
      FL "F:/cdac padai materials/akul/logic with select/xnor_select/xnor1.vhd" \
      PB ieee/std_logic_1164 1163575071 PB ieee/std_logic_arith 1163575072 \
      PB ieee/STD_LOGIC_UNSIGNED 1163575073
AR work/xnor1/Behavioral 1315153927 \
      FL "F:/cdac padai materials/akul/logic with select/xnor_select/xnor1.vhd" \
      EN work/xnor1 1315153926
