EN rom_test_vhd NULL "F:/cdac padai materials/akul/ROM_S/rom_test.vhd" sub00/vhpl02 1315040667
EN rom_s NULL "F:/cdac padai materials/akul/ROM_S/ROM_S.vhd" sub00/vhpl00 1315040665
AR rom_test_vhd behavior "F:/cdac padai materials/akul/ROM_S/rom_test.vhd" sub00/vhpl03 1315040668
AR rom_s memmatrix "F:/cdac padai materials/akul/ROM_S/ROM_S.vhd" sub00/vhpl01 1315040666
