V3 3
FL "F:/cdac padai materials/akul/logic with select/nand_select/nand1.vhd" 2011/09/04.21:57:49 J.30
EN work/nand1 1315154395 \
      FL "F:/cdac padai materials/akul/logic with select/nand_select/nand1.vhd" \
      PB ieee/std_logic_1164 1163575071
AR work/nand1/nanding1 1315154396 \
      FL "F:/cdac padai materials/akul/logic with select/nand_select/nand1.vhd" \
      EN work/nand1 1315154395
