V3 3
FL "F:/cdac padai materials/akul/logic ifelse/nand1/nand1/nand1.vhd" 2011/09/07.23:06:29 J.30
EN work/nand1 1315419949 \
      FL "F:/cdac padai materials/akul/logic ifelse/nand1/nand1/nand1.vhd" \
      PB ieee/std_logic_1164 1163575071
AR work/nand1/nanding 1315419950 \
      FL "F:/cdac padai materials/akul/logic ifelse/nand1/nand1/nand1.vhd" \
      EN work/nand1 1315419949
