V3 3
FL "F:/cdac padai materials/akul/xilinxprojects/bitalu/bitalu.vhd" 2011/09/02.15:07:57 J.30
EN work/bitalu 1314977180 \
      FL "F:/cdac padai materials/akul/xilinxprojects/bitalu/bitalu.vhd" \
      PB ieee/std_logic_1164 1163575071 PB ieee/std_logic_arith 1163575072 \
      PB ieee/STD_LOGIC_UNSIGNED 1163575073
AR work/bitalu/mix 1314977181 \
      FL "F:/cdac padai materials/akul/xilinxprojects/bitalu/bitalu.vhd" \
      EN work/bitalu 1314977180
