AR fs behavioral "F:/cdac padai materials/akul/logic ifelse/fs/fs/fs.vhd" sub00/vhpl01 1315419423
AR fs_test_vhd behavior "F:/cdac padai materials/akul/logic ifelse/fs/fs/fs_test.vhd" sub00/vhpl03 1315419425
EN fs NULL "F:/cdac padai materials/akul/logic ifelse/fs/fs/fs.vhd" sub00/vhpl00 1315419422
EN fs_test_vhd NULL "F:/cdac padai materials/akul/logic ifelse/fs/fs/fs_test.vhd" sub00/vhpl02 1315419424
