V3 3
FL "F:/cdac padai materials/akul/logic with select/or_select/or_select/or1.vhd" 2011/09/04.21:53:58 J.30
EN work/or1 1315154694 \
      FL "F:/cdac padai materials/akul/logic with select/or_select/or_select/or1.vhd" \
      PB ieee/std_logic_1164 1163575071
AR work/or1/oring1 1315154695 \
      FL "F:/cdac padai materials/akul/logic with select/or_select/or_select/or1.vhd" \
      EN work/or1 1315154694
