AR pri_encoder_using_if behavior "F:/cdac padai materials/akul/All_Logic_types8sept/logicifelse/pri_enc/pri_encoder_using_if/pri_encoder_using_if.vhd" sub00/vhpl01 1315644846
EN pri_encoder_using_if NULL "F:/cdac padai materials/akul/All_Logic_types8sept/logicifelse/pri_enc/pri_encoder_using_if/pri_encoder_using_if.vhd" sub00/vhpl00 1315644845
