V3 3
FL "F:/cdac padai materials/akul/logic ifelse/nor1/nor1/nor1.vhd" 2011/09/07.23:02:50 J.30
EN work/nor1 1315420083 \
      FL "F:/cdac padai materials/akul/logic ifelse/nor1/nor1/nor1.vhd" \
      PB ieee/std_logic_1164 1163575071
AR work/nor1/noring1 1315420084 \
      FL "F:/cdac padai materials/akul/logic ifelse/nor1/nor1/nor1.vhd" \
      EN work/nor1 1315420083
