V3 7
FL "F:/cdac padai materials/akul/xilinxprojects/decoder/dec_3x8.vhd" 2011/09/01.22:58:56 J.30
EN isim_temp/dec_3x8 1314898203 \
      FL "F:/cdac padai materials/akul/xilinxprojects/decoder/dec_3x8.vhd" \
      PB ieee/std_logic_1164 1164799246
AR isim_temp/dec_3x8/behaviour 1314898204 \
      FL "F:/cdac padai materials/akul/xilinxprojects/decoder/dec_3x8.vhd" \
      EN isim_temp/dec_3x8 1314898203
FL "F:/cdac padai materials/akul/xilinxprojects/decoder/testbench_dec3x8.vhd" 2011/09/01.22:53:21 J.30
EN isim_temp/testbench_dec3x8_vhd 1314898205 \
      FL "F:/cdac padai materials/akul/xilinxprojects/decoder/testbench_dec3x8.vhd" \
      PB ieee/std_logic_1164 1164799246 PB ieee/STD_LOGIC_UNSIGNED 1164799254 \
      PB ieee/NUMERIC_STD 1164799260
AR isim_temp/testbench_dec3x8_vhd/behavior 1314898206 \
      FL "F:/cdac padai materials/akul/xilinxprojects/decoder/testbench_dec3x8.vhd" \
      EN isim_temp/testbench_dec3x8_vhd 1314898205 CP dec_3x8
