EN nand_g_test_vhd NULL "F:/cdac padai materials/akul/xilinxprojects/nand/nand_g_test.vhd" sub00/vhpl02 1314899286
AR nand_g_test_vhd nanding_arch "F:/cdac padai materials/akul/xilinxprojects/nand/nand_g_test.vhd" sub00/vhpl03 1314899287
AR nand_g nanding_arch "F:/cdac padai materials/akul/xilinxprojects/nand/nand_g.vhd" sub00/vhpl01 1314899195
EN nand_g NULL "F:/cdac padai materials/akul/xilinxprojects/nand/nand_g.vhd" sub00/vhpl00 1314899194
