V3 7
FL "F:/cdac padai materials/akul/All_Logic_types8sept/logicifelse/pri_enc/pri_encoder_using_if/pri_encoder_using_if.vhd" 2011/09/10.14:22:59 J.30
EN isim_temp/pri_encoder_using_if 1315645574 \
      FL "F:/cdac padai materials/akul/All_Logic_types8sept/logicifelse/pri_enc/pri_encoder_using_if/pri_encoder_using_if.vhd" \
      PB ieee/std_logic_1164 1164799246
AR isim_temp/pri_encoder_using_if/behavior 1315645575 \
      FL "F:/cdac padai materials/akul/All_Logic_types8sept/logicifelse/pri_enc/pri_encoder_using_if/pri_encoder_using_if.vhd" \
      EN isim_temp/pri_encoder_using_if 1315645574
FL "F:/cdac padai materials/akul/All_Logic_types8sept/logicifelse/pri_enc/pri_encoder_using_if/pri_enc_test.vhd" 2011/09/10.14:36:11 J.30
EN isim_temp/pri_enc_test_vhd 0 \
      FL "F:/cdac padai materials/akul/All_Logic_types8sept/logicifelse/pri_enc/pri_encoder_using_if/pri_enc_test.vhd" \
      PB ieee/std_logic_1164 1164799246 PB ieee/STD_LOGIC_UNSIGNED 1164799254 \
      PB ieee/NUMERIC_STD 1164799260
AR isim_temp/pri_enc_test_vhd/behavior 0 \
      FL "F:/cdac padai materials/akul/All_Logic_types8sept/logicifelse/pri_enc/pri_encoder_using_if/pri_enc_test.vhd" \
      EN isim_temp/pri_enc_test_vhd 0 CP pri_encoder_using_if
