EN decoder_using_case NULL "F:/cdac padai materials/akul/All_Logic_types8sept/logic_case/dec/decoder_using_case/decoder_using_case.vhd" sub00/vhpl00 1315646607
AR decoder_using_case behavior "F:/cdac padai materials/akul/All_Logic_types8sept/logic_case/dec/decoder_using_case/decoder_using_case.vhd" sub00/vhpl01 1315646608
