V3 3
FL "F:/cdac padai materials/akul/logic ifelse/or1/or1/or1.vhd" 2011/09/07.23:00:07 J.30
EN work/or1 1315420375 \
      FL "F:/cdac padai materials/akul/logic ifelse/or1/or1/or1.vhd" \
      PB ieee/std_logic_1164 1163575071
AR work/or1/oring1 1315420376 \
      FL "F:/cdac padai materials/akul/logic ifelse/or1/or1/or1.vhd" EN work/or1 1315420375
