V3 3
FL "F:/cdac padai materials/akul/logic with select/and_select/and1.vhd" 2011/09/04.21:54:18 J.30
EN work/and1 1315154259 \
      FL "F:/cdac padai materials/akul/logic with select/and_select/and1.vhd" \
      PB ieee/std_logic_1164 1163575071
AR work/and1/anding 1315154260 \
      FL "F:/cdac padai materials/akul/logic with select/and_select/and1.vhd" \
      EN work/and1 1315154259
