AR and1 anding "F:/cdac padai materials/akul/logic with select/and_select/and1.vhd" sub00/vhpl01 1315154300
AR andtest_vhd behavior "F:/cdac padai materials/akul/logic with select/and_select/andtest.vhd" sub00/vhpl03 1315154302
EN and1 NULL "F:/cdac padai materials/akul/logic with select/and_select/and1.vhd" sub00/vhpl00 1315154299
EN andtest_vhd NULL "F:/cdac padai materials/akul/logic with select/and_select/andtest.vhd" sub00/vhpl02 1315154301
