EN xor1 NULL "F:/cdac padai materials/akul/logic with select/xor_select/xor1.vhd" sub00/vhpl00 1315154051
AR or1 oring1 "F:/cdac padai materials/akul/logic with select/xor_select/or1.vhd" sub00/vhpl02 1315153051
EN or1 NULL "F:/cdac padai materials/akul/logic with select/xor_select/or1.vhd" sub00/vhpl01 1315153050
AR xor1 xoring1 "F:/cdac padai materials/akul/logic with select/xor_select/xor1.vhd" sub00/vhpl03 1315154052
